24 19 1 5 25 15 1 13 11 22 15 -1 13 0 1 1 0 0 12 15 -1 16 52 13 13 11 0 1 2 12 15 -1 13 11 22 15 -1 13 0 1 1 13 0 1 1 11 0 1 1 12 15 -1 13 0 1 1 11 0 10 7 18 23 13 11 0 1 1 22 21 2