24 19 1 5 25 15 1 13 0 1 1 13 0 0 1 11 0 2 10 7 17 26 0 1 16 28 0 2 12 15 -1 13 0 1 1 11 22 15 -1 15 -1 21 0