24 19 1 5 25 13 11 0 1 6 17 19 0 1 22 15 -1 16 45 13 11 0 2 6 17 33 0 2 22 15 -1 16 45 13 11 13 11 6 17 45 0 3 22 15 -1 13 11 22 21 1