24 19 0 5 25 15 1 13 0 0 1 26 1130969825 12 15 -1 13 0 0 1 11 31 15 -1 15 -1 21 -1