24 19 1 5 25 13 0 1 2 15 -1 13 13 11 0 1 2 12 22 21 1