24 19 1 5 25 13 0 0 1 11 0 1 6 17 25 13 0 0 1 11 22 15 -1 16 35 13 0 0 1 11 0 2 6 17 48 13 0 0 1 11 0 1 1 22 15 -1 16 61 13 0 0 1 11 13 0 0 1 11 6 17 68 0 0 22 15 -1 16 68 15 0 21 0