24 19 0 5 25 15 1 13 0 0 1 0 0 12 15 -1 15 0 13 0 0 1 15 -1 13 0 0 1 13 0 0 1 11 0 1 1 12 15 -1 13 0 0 1 11 0 10 7 18 16 27 49 23 15 -1 15 -1 21 -1