24 19 0 5 25 15 1 13 0 20 12 15 -1 13 11 22 15 -1 13 0 1 3 15 -1 13 13 11 0 2 36 12 22 15 -1 13 11 22 15 -1 13 0 1 4 15 -1 13 13 11 0 1 35 12 22 15 -1 13 11 22 21 1