24 19 1 5 25 13 11 0 1 6 17 19 13 11 22 15 -1 16 48 13 11 0 2 6 17 36 13 11 0 1 1 22 15 -1 16 48 13 11 13 11 6 17 48 0 0 22 15 -1 13 11 22 21 1