24 19 1 5 25 15 1 13 0 1 1 0 2 12 15 -1 13 0 1 1 0 1 1 15 -1 13 0 1 1 13 0 1 1 11 13 11 1 12 15 -1 13 0 1 1 11 22 13 0 2 1 0 3 12 15 -1 13 0 2 1 0 1 2 15 -1 13 0 2 1 13 0 2 1 11 13 11 2 12 15 -1 13 0 2 1 11 22 13 0 3 1 0 4 12 15 -1 13 0 3 1 13 0 3 1 13 0 3 1 11 13 11 3 12 15 -2 13 0 3 1 11 22 13 0 4 1 0 6 12 15 -1 13 0 4 1 13 0 4 1 13 0 4 1 11 13 11 4 12 15 -2 13 0 4 1 11 22 21 5