24 19 0 5 25 15 1 13 0 0 12 15 -1 16 30 13 15 -1 13 13 11 0 1 1 12 0 1 2 15 -1 13 11 0 10 7 18 15 27 49 23 21 1