24 19 1 5 25 13 0 0 1 11 0 1 6 17 26 0 1 22 15 -1 16 67 15 0 16 36 13 0 0 1 11 0 2 6 17 47 0 0 22 15 -1 16 67 15 0 16 60 13 0 0 1 11 13 0 0 1 11 6 17 67 0 233 22 15 -1 16 67 13 0 0 1 11 22 15 -1 15 0 21 0