24 19 0 5 25 15 1 13 0 0 1 27 98 12 15 -1 13 0 0 1 11 23 15 -1 15 -1 21 -1