24 19 1 5 25 13 0 0 1 11 22 15 -1 13 0 0 1 13 0 0 1 15 -1 13 0 0 1 13 0 0 1 11 0 1 2 12 12 15 -1 13 0 0 1 11 22 15 -1 13 0 0 1 13 0 0 1 0 1 2 15 -1 13 0 0 1 13 0 0 1 11 0 1 2 12 12 15 -1 13 0 0 1 11 22 15 -1 13 0 0 1 13 0 0 1 15 -1 13 0 0 1 13 0 0 1 11 0 1 1 12 12 15 -1 13 0 0 1 11 22 15 -1 13 0 0 1 13 0 0 1 0 1 1 15 -1 13 0 0 1 13 0 0 1 11 0 1 1 12 12 15 -1 13 0 0 1 11 22 15 -1 15 0 21 0