24 19 0 5 25 15 1 13 0 0 1 0 0 12 15 -1 13 0 0 1 13 0 0 1 11 0 1 1 12 15 -1 13 0 0 1 11 0 2 5 0 0 6 17 48 16 16 16 50 15 0 13 0 0 1 11 22 15 -1 15 0 13 0 0 1 11 0 100 7 18 16 15 -1 21 -1