24 19 0 5 25 15 1 13 0 0 1 0 30 12 15 -1 13 0 0 1 11 22 15 -1 13 0 0 1 15 -1 13 0 0 1 13 0 0 1 11 0 3 36 12 22 15 -1 13 0 0 1 15 -1 13 0 0 1 13 0 0 1 11 0 2 35 12 22 15 -1 15 -1 21 -1