24 19 1 5 25 13 0 0 1 11 0 1 6 17 29 13 0 0 1 11 22 15 -1 16 76 15 0 16 39 13 0 0 1 11 0 2 6 17 56 13 0 0 1 11 0 1 1 22 15 -1 16 76 15 0 16 69 13 0 0 1 11 13 0 0 1 11 6 17 76 0 0 22 15 -1 16 76 13 0 0 1 11 22 15 -1 15 0 21 0